// Jest Snapshot v1, https://goo.gl/fbAQLP

exports[`renders correctly 1`] = `
.c2 {
  font-size: 1rem;
  line-height: 1rem;
  text-transform: inherit;
  line-height: normal;
  font-family: 'Montserrat',Helvetica,Arial,sans-serif;
}

.c1 {
  width: 100%;
  position: relative;
  display: -webkit-box;
  display: -webkit-flex;
  display: -ms-flexbox;
  display: flex;
  -webkit-flex-direction: column;
  -ms-flex-direction: column;
  flex-direction: column;
  color: #000000;
}

.c3 {
  margin-bottom: 0.5rem;
  font-weight: normal;
}

.c4 {
  position: relative;
  font-size: 1.25rem;
}

.c5 {
  position: relative;
  width: 100%;
  display: -webkit-box;
  display: -webkit-flex;
  display: -ms-flexbox;
  display: flex;
  -webkit-box-pack: end;
  -webkit-justify-content: flex-end;
  -ms-flex-pack: end;
  justify-content: flex-end;
  -webkit-align-items: center;
  -webkit-box-align: center;
  -ms-flex-align: center;
  align-items: center;
}

.c6 {
  position: relative;
  box-sizing: border-box;
  width: 100%;
  height: 48px;
  padding: 1rem 2.4rem 1rem 1.5rem;
  background-color: #F4F3F5;
  border: 1px solid;
  border-color: #969598;
  box-shadow: none;
  -webkit-appearance: none;
  -moz-appearance: none;
  appearance: none;
  color: #000000;
  border-radius: 0.5rem;
  font-size: inherit;
  z-index: 2;
  font-family: 'Montserrat',Helvetica,Arial,sans-serif;
}

.c6:focus {
  border: 1px solid #666;
}

.c0 {
  position: relative;
}

@media (min-width:740px) {

}

@media (min-width:1024px) {

}

<div
  className="c0 TextInputWithDropdown"
  onKeyDown={[Function]}
>
  <label
    className="c1 TextInputWithDropdown__input"
    htmlFor="school-lookup"
  >
    <span
      className="c2 c3"
      color="inherit"
      dangerouslySetInnerHTML={
        Object {
          "__html": "Enter the name or postcode of your school or nursery",
        }
      }
      size="s"
    />
    <div
      className="c4"
    >
      
      <div
        className="c5"
      >
        <input
          aria-required={false}
          autoComplete="off"
          className="c6"
          defaultValue=""
          id="school-lookup"
          name="school-lookup"
          onChange={[Function]}
          placeholder="Type to start search"
          required={false}
          type="text"
        />
        
      </div>
    </div>
    
  </label>
</div>
`;
