// Jest Snapshot v1, https://goo.gl/fbAQLP

exports[`renders correctly 1`] = `
.c2 {
  color: #FFFFFF;
  font-size: 1rem;
  line-height: 1rem;
  text-transform: inherit;
  line-height: normal;
  font-family: 'Montserrat',Helvetica,Arial,sans-serif;
}

.c0 {
  background: #48276E;
}

.c1 {
  text-align: center;
  padding: calc(1.5rem * 2) 1.5rem;
  margin: 0 auto;
  max-width: 1440px;
}

@media (min-width:740px) {
  .c1 {
    padding: 4rem 2rem;
  }
}

@media (min-width:1440px) {
  .c1 {
    padding: 4rem 4rem;
  }
}

<div
  className="c0"
>
  <div
    className="c1"
  >
    <p
      className="c2"
      color="white"
      size="s"
    >
      Mental health issues affect 1 in 4 of us in the UK. Join now and with your help we can provide vital support for people like Jordan. You know what to do.
    </p>
  </div>
</div>
`;
