// Jest Snapshot v1, https://goo.gl/fbAQLP

exports[`renders correctly 1`] = `
.c2 {
  text-transform: uppercase;
  font-family: 'Montserrat',Helvetica,Arial,sans-serif;
}

.c3 {
  font-size: 1rem;
  line-height: 1rem;
  text-transform: inherit;
  line-height: normal;
  font-family: 'Montserrat',Helvetica,Arial,sans-serif;
}

.c4 {
  position: relative;
  display: inline;
  line-height: 1.5rem;
  color: #000000;
  font-weight: normal;
}

.c4:hover,
.c4:focus {
  color: #000000;
  -webkit-text-decoration: none;
  text-decoration: none;
}

.c0 {
  display: -webkit-box;
  display: -webkit-flex;
  display: -ms-flexbox;
  display: flex;
  -webkit-flex-wrap: wrap;
  -ms-flex-wrap: wrap;
  flex-wrap: wrap;
  -webkit-flex-direction: column;
  -ms-flex-direction: column;
  flex-direction: column;
  position: relative;
}

.c1 {
  display: -webkit-box;
  display: -webkit-flex;
  display: -ms-flexbox;
  display: flex;
  -webkit-align-items: start;
  -webkit-box-align: start;
  -ms-flex-align: start;
  align-items: start;
  width: 100%;
  margin-bottom: 2rem;
  -webkit-flex-direction: column;
  -ms-flex-direction: column;
  flex-direction: column;
}

@media (min-width:740px) {
  .c0 {
    -webkit-flex-direction: row;
    -ms-flex-direction: row;
    flex-direction: row;
  }
}

@media (min-width:740px) {
  .c1 {
    width: calc(100% / 3);
  }
}

<section
  className="c0"
>
  <div
    className="c1"
  >
    <h3
      className="c2"
      color="inherit"
      size="md"
    >
      Project Name
    </h3>
    <p
      className="c3"
      color="inherit"
      size="s"
    >
      Hello There
    </p>
  </div>
  <div
    className="c1"
  >
    <h3
      className="c2"
      color="inherit"
      size="md"
    >
      End Date
    </h3>
    <p
      className="c3"
      color="inherit"
      size="s"
    >
      1st June 2020
    </p>
  </div>
  <div
    className="c1"
  >
    <h3
      className="c2"
      color="inherit"
      size="md"
    >
      Funding theme
    </h3>
    <p
      className="c3"
      color="inherit"
      size="s"
    >
      <a
        className="c4"
        color="red"
        href="cr.com"
        target="_self"
        type="standard"
      >
        Be happy
      </a>
    </p>
  </div>
  <div
    className="c1"
  >
    <h3
      className="c2"
      color="inherit"
      size="md"
    >
      Amount Awarded
    </h3>
    <p
      className="c3"
      color="inherit"
      size="s"
    >
      Â£2,000,000
    </p>
  </div>
  <div
    className="c1"
  >
    <h3
      className="c2"
      color="inherit"
      size="md"
    >
      Start Date
    </h3>
    <p
      className="c3"
      color="inherit"
      size="s"
    >
      1st June 2010
    </p>
  </div>
  <div
    className="c1"
  >
    <h3
      className="c2"
      color="inherit"
      size="md"
    >
      Beneficiary Country
    </h3>
    <p
      className="c3"
      color="inherit"
      size="s"
    >
      Uk
    </p>
  </div>
</section>
`;
