// Jest Snapshot v1, https://goo.gl/fbAQLP

exports[`renders correctly 1`] = `
.c10 {
  font-size: 1rem;
  line-height: 1rem;
  text-transform: inherit;
  font-family: 'Montserrat',Helvetica,Arial,sans-serif;
}

.c13 {
  color: #FFFFFF;
  font-size: 1rem;
  line-height: 1rem;
  text-transform: inherit;
  font-weight: bold;
  line-height: normal;
  font-family: 'Montserrat',Helvetica,Arial,sans-serif;
}

.c18 {
  color: #FFFFFF;
  font-size: 1rem;
  line-height: 1rem;
  text-transform: inherit;
  line-height: normal;
  font-family: 'Montserrat',Helvetica,Arial,sans-serif;
}

.c8 {
  object-fit: cover;
  width: 100%;
  display: block;
  height: auto;
  margin-right: 1rem;
}

.c7 {
  display: inline-block;
  z-index: 3;
  width: 48px;
  -webkit-transform: inherit;
  -ms-transform: inherit;
  transform: inherit;
}

.c5 {
  position: relative;
  -webkit-text-decoration: none;
  text-decoration: none;
  display: inline;
  line-height: 1.5rem;
  color: #000000;
  border-bottom: 2px solid #000000;
  font-weight: normal;
}

.c5:hover {
  color: #000000;
  border-bottom: 2px solid #000000;
}

.c23 {
  -webkit-text-decoration: none;
  text-decoration: none;
  cursor: pointer;
  display: block;
  -webkit-transition: opacity 0.2s;
  transition: opacity 0.2s;
}

.c23:hover,
.c23:focus {
  opacity: 0.6;
}

.c24 {
  width: 100%;
}

.c25 {
  border: 0;
  -webkit-clip: rect(0 0 0 0);
  clip: rect(0 0 0 0);
  -webkit-clip-path: inset(50%);
  clip-path: inset(50%);
  height: 1px;
  margin: -1px;
  overflow: hidden;
  padding: 0;
  position: absolute;
  white-space: nowrap;
  width: 1px;
}

.c21 {
  display: -webkit-box;
  display: -webkit-flex;
  display: -ms-flexbox;
  display: flex;
  list-style-type: none;
  margin: 0 auto 2rem;
  -webkit-box-pack: center;
  -webkit-justify-content: center;
  -ms-flex-pack: center;
  justify-content: center;
  padding: 0;
  -webkit-align-items: center;
  -webkit-box-align: center;
  -ms-flex-align: center;
  align-items: center;
}

.c22 {
  width: 48px;
  margin-right: 1.5rem;
}

.c16 {
  border: 0;
  height: 46px;
  width: 100%;
  background-color: #2C0230;
}

.c16:hover,
.c16:focus {
  border-bottom: none;
}

.c9 {
  display: block;
  width: 100%;
  text-align: left;
}

.c9 > h2 {
  border: 0;
  -webkit-clip: rect(0 0 0 0);
  clip: rect(0 0 0 0);
  -webkit-clip-path: inset(50%);
  clip-path: inset(50%);
  height: 1px;
  margin: -1px;
  overflow: hidden;
  padding: 0;
  position: absolute;
  white-space: nowrap;
  width: 1px;
}

.c14 {
  display: -webkit-box;
  display: -webkit-flex;
  display: -ms-flexbox;
  display: flex;
  -webkit-transition: max-height 0.5s ease;
  transition: max-height 0.5s ease;
  max-height: 0px;
  overflow: hidden;
  padding: 0;
  position: relative;
  list-style: none outside;
  -webkit-flex-direction: column;
  -ms-flex-direction: column;
  flex-direction: column;
}

.c14 > li a {
  display: none;
  font-size: 15px;
  font-weight: 500;
  cursor: pointer;
}

.c14 > li a:after {
  content: none;
}

.c19 {
  display: -webkit-box;
  display: -webkit-flex;
  display: -ms-flexbox;
  display: flex;
  -webkit-transition: max-height 0.5s ease;
  transition: max-height 0.5s ease;
  max-height: 0px;
  overflow: hidden;
  padding: 0;
  position: relative;
  list-style: none outside;
  -webkit-flex-direction: column;
  -ms-flex-direction: column;
  flex-direction: column;
}

.c19 > li a {
  display: none;
  font-size: 15px;
  font-weight: 500;
  cursor: pointer;
}

.c19 > li a:after {
  content: none;
}

.c15 {
  height: 40px;
  width: 100%;
  background-color: inherit;
  padding: 8px 0;
}

.c20 {
  height: 40px;
  width: 100%;
  background-color: inherit;
  padding: 8px 0;
}

.c17 {
  padding: 14px 21px;
  height: auto;
  position: relative;
}

.c11 {
  background-color: inherit;
  list-style: none outside;
  padding: 0;
  margin: 0;
}

.c12 {
  position: relative;
  font-weight: 700;
  margin: 0 0 45px;
}

.c12 a {
  width: auto;
  padding: 0;
  height: auto;
  position: relative;
  background-color: inherit;
  font-size: 19px;
  line-height: 40px;
  font-weight: 800;
}

.c12 a:after {
  content: '\\2303';
  position: absolute;
  font-family: Arial;
  margin-left: 4px;
  overflow: hidden;
  line-height: 19px;
  font-size: 23px;
  color: #FFFFFF;
  font-weight: 100;
  -webkit-transition: -webkit-transform 0.2s ease;
  -webkit-transition: transform 0.2s ease;
  transition: transform 0.2s ease;
  -webkit-transform: rotate(180deg);
  -ms-transform: rotate(180deg);
  transform: rotate(180deg);
  top: 0;
  right: -25px;
}

.c1 {
  text-align: center;
  line-height: initial;
  background: #222;
  position: relative;
  margin-top: -1rem;
  padding: 2rem;
}

.c0 {
  width: 100%;
  display: block;
  -webkit-clip-path: polygon(0 100%,100% 0,100% 101%,0 101%);
  clip-path: polygon(0 100%,100% 0,100% 101%,0 101%);
  height: 50px;
  background: #222;
  margin-bottom: 1rem;
}

.c2 {
  display: block;
  width: 100%;
  height: 100%;
  max-width: 1200px;
  margin: 0 auto;
  padding: 0 1rem 2rem;
}

.c3 {
  width: 100%;
  position: relative;
}

.c4 {
  position: absolute;
  right: 2rem;
  top: -2rem;
}

.c26 {
  display: block;
  width: 100%;
  height: 100%;
  text-align: left;
}

.c26 p {
  font-size: 15px;
  line-height: 24px;
  margin-bottom: 5px;
}

.c6 {
  color: transparent;
  margin-right: auto;
  border: 0;
}

.c6:hover {
  border: 0;
}

@media (min-width:1150px) {
  .c7 {
    width: 72px;
  }
}

@media (min-width:740px) {
  .c21 {
    margin-bottom: 4rem;
    -webkit-box-pack: start;
    -webkit-justify-content: start;
    -ms-flex-pack: start;
    justify-content: start;
  }
}

@media (min-width:740px) {
  .c14 {
    max-height: none;
    height: auto;
  }

  .c14 > li a {
    display: inline;
    line-height: 24px;
  }
}

@media (min-width:740px) {
  .c19 {
    max-height: none;
    height: auto;
    -webkit-flex-direction: row;
    -ms-flex-direction: row;
    flex-direction: row;
    -webkit-flex-wrap: wrap;
    -ms-flex-wrap: wrap;
    flex-wrap: wrap;
  }

  .c19 > li a {
    display: inline;
    line-height: 24px;
  }
}

@media (min-width:740px) {
  .c15 {
    height: auto;
    margin-top: 12px;
    padding: 0;
  }

  .c15 a {
    background-color: inherit;
    height: auto;
  }

  .c15 a:after {
    content: none !important;
  }

  .c15 a:hover,
  .c15 a:focus {
    border-bottom: 2px solid #fff;
  }

  .c15 a:hover span,
  .c15 a:focus span {
    border-bottom: 0;
    padding-bottom: 2px;
  }
}

@media (min-width:1024px) {

}

@media (min-width:740px) {
  .c20 {
    height: auto;
    margin-top: 12px;
    padding: 0;
    -webkit-flex: 0 0 44%;
    -ms-flex: 0 0 44%;
    flex: 0 0 44%;
  }

  .c20 a {
    background-color: inherit;
    height: auto;
  }

  .c20 a:after {
    content: none !important;
  }

  .c20 a:hover,
  .c20 a:focus {
    border-bottom: 2px solid #fff;
  }

  .c20 a:hover span,
  .c20 a:focus span {
    border-bottom: 0;
    padding-bottom: 2px;
  }
}

@media (min-width:1024px) {
  .c20 {
    -webkit-flex: 0 0 46%;
    -ms-flex: 0 0 46%;
    flex: 0 0 46%;
  }
}

@media (min-width:740px) {
  .c11 {
    display: -webkit-box;
    display: -webkit-flex;
    display: -ms-flexbox;
    display: flex;
    -webkit-flex-wrap: wrap;
    -ms-flex-wrap: wrap;
    flex-wrap: wrap;
    -webkit-box-pack: justify;
    -webkit-justify-content: space-between;
    -ms-flex-pack: justify;
    justify-content: space-between;
  }
}

@media (min-width:740px) {
  .c12 {
    -webkit-flex: 0 0 30%;
    -ms-flex: 0 0 30%;
    flex: 0 0 30%;
  }

  .c12 > span {
    padding: 0;
  }
}

@media (min-width:740px) {
  .c12 a {
    font-size: 20px;
    line-height: 40px;
  }
}

@media (min-width:740px) {
  .c12 a {
    cursor: default;
    display: inline;
  }

  .c12 a:after {
    content: none;
  }
}

@media (min-width:1024px) {
  .c0 {
    -webkit-clip-path: polygon(0 100%,100% 0,100% 101%,0 101%);
    clip-path: polygon(0 100%,100% 0,100% 101%,0 101%);
    height: 95px;
  }
}

@media (min-width:1024px) {
  .c2 {
    padding: 0 1rem 4rem;
  }
}

@media (min-width:1024px) {
  .c3 {
    max-width: 1200px;
  }
}

@media (min-width:1024px) {
  .c4 {
    right: 4rem;
    top: -4rem;
  }
}

@media (min-width:1024px) {
  .c26 p {
    font-size: 16px;
    line-height: 27px;
  }
}

<div>
  <div
    className="c0"
  />
  <footer
    className="c1"
    role="banner"
  >
    <div
      className="c2"
    >
      <div
        className="c3"
      >
        <div
          className="c4"
        >
          <a
            className="c5 c6"
            color="red"
            href="/"
            target="_self"
            title="Go to Comic Relief homepage"
            type="standard"
          >
            <div
              className="c7"
              rotate={0}
            >
              <img
                alt="Comic Relief logo"
                className="c8"
                src="mock.asset"
              />
            </div>
          </a>
        </div>
      </div>
      <nav
        aria-label="main-menu"
        className="c9"
        role="navigation"
      >
        <h2
          className="c10"
          color="inherit"
          id="footer-menu"
          size="s"
        >
          Footer navigation
        </h2>
        <ul
          className="c11"
          role="menubar"
        >
          <li
            className="c12"
            role="none"
          >
            <span
              className="c13"
              color="white"
              size="s"
            >
              Hear from us
            </span>
            <ul
              aria-label="Hear from us"
              className="c14"
              role="list"
            >
              <li
                className="c15"
              >
                <a
                  className="c5 c16 c17"
                  color="red"
                  href="https://www.comicrelief.com/#"
                  role="menuitem"
                  target="_self"
                  type="standard"
                >
                  <span
                    className="c18"
                    color="white"
                    size="s"
                  >
                    Get the newsletter
                  </span>
                </a>
              </li>
              <li
                className="c15"
              >
                <a
                  className="c5 c16 c17"
                  color="red"
                  href="https://www.comicrelief.com/update-your-preferences"
                  role="menuitem"
                  target="_self"
                  type="standard"
                >
                  <span
                    className="c18"
                    color="white"
                    size="s"
                  >
                    How we contact you
                  </span>
                </a>
              </li>
            </ul>
          </li>
          <li
            className="c12"
            role="none"
          >
            <span
              className="c13"
              color="white"
              size="s"
            >
              Get in touch
            </span>
            <ul
              aria-label="Get in touch"
              className="c19"
              role="list"
            >
              <li
                className="c20"
              >
                <a
                  className="c5 c16 c17"
                  color="red"
                  href="/contact-us"
                  role="menuitem"
                  target="_self"
                  type="standard"
                >
                  <span
                    className="c18"
                    color="white"
                    size="s"
                  >
                    Contact us
                  </span>
                </a>
              </li>
              <li
                className="c20"
              >
                <a
                  className="c5 c16 c17"
                  color="red"
                  href="https://giftaid.comicrelief.com/update"
                  role="menuitem"
                  target="_self"
                  type="standard"
                >
                  <span
                    className="c18"
                    color="white"
                    size="s"
                  >
                    Your Gift Aid
                  </span>
                </a>
              </li>
              <li
                className="c20"
              >
                <a
                  className="c5 c16 c17"
                  color="red"
                  href="https://www.comicrelief.com/frequently-asked-questions"
                  role="menuitem"
                  target="_self"
                  type="standard"
                >
                  <span
                    className="c18"
                    color="white"
                    size="s"
                  >
                    FAQs
                  </span>
                </a>
              </li>
              <li
                className="c20"
              >
                <a
                  className="c5 c16 c17"
                  color="red"
                  href="https://www.comicrelief.com/red-nose-days-frequently-asked-questions"
                  role="menuitem"
                  target="_self"
                  type="standard"
                >
                  <span
                    className="c18"
                    color="white"
                    size="s"
                  >
                    Red Nose Day 2019 FAQs
                  </span>
                </a>
              </li>
            </ul>
          </li>
          <li
            className="c12"
            role="none"
          >
            <span
              className="c13"
              color="white"
              size="s"
            >
              About us
            </span>
            <ul
              aria-label="About us"
              className="c19"
              role="list"
            >
              <li
                className="c20"
              >
                <a
                  className="c5 c16 c17"
                  color="red"
                  href="https://www.comicrelief.com/about-comic-relief"
                  role="menuitem"
                  target="_self"
                  type="standard"
                >
                  <span
                    className="c18"
                    color="white"
                    size="s"
                  >
                    Mission
                  </span>
                </a>
              </li>
              <li
                className="c20"
              >
                <a
                  className="c5 c16 c17"
                  color="red"
                  href="https://www.comicrelief.com/about-comic-relief/history"
                  role="menuitem"
                  target="_self"
                  type="standard"
                >
                  <span
                    className="c18"
                    color="white"
                    size="s"
                  >
                    Our history
                  </span>
                </a>
              </li>
              <li
                className="c20"
              >
                <a
                  className="c5 c16 c17"
                  color="red"
                  href="https://www.comicrelief.com/about-comic-relief/finances"
                  role="menuitem"
                  target="_self"
                  type="standard"
                >
                  <span
                    className="c18"
                    color="white"
                    size="s"
                  >
                    Finances
                  </span>
                </a>
              </li>
              <li
                className="c20"
              >
                <a
                  className="c5 c16 c17"
                  color="red"
                  href="https://www.comicrelief.com/working-with-us"
                  role="menuitem"
                  target="_self"
                  type="standard"
                >
                  <span
                    className="c18"
                    color="white"
                    size="s"
                  >
                    Partners
                  </span>
                </a>
              </li>
              <li
                className="c20"
              >
                <a
                  className="c5 c16 c17"
                  color="red"
                  href="https://www.comicrelief.com/about-comic-relief/meet-the-team"
                  role="menuitem"
                  target="_self"
                  type="standard"
                >
                  <span
                    className="c18"
                    color="white"
                    size="s"
                  >
                    Meet the team
                  </span>
                </a>
              </li>
              <li
                className="c20"
              >
                <a
                  className="c5 c16 c17"
                  color="red"
                  href="https://www.sportrelief.com/"
                  role="menuitem"
                  target="_self"
                  type="standard"
                >
                  <span
                    className="c18"
                    color="white"
                    size="s"
                  >
                    Sport Relief
                  </span>
                </a>
              </li>
            </ul>
          </li>
          <li
            className="c12"
            role="none"
          >
            <span
              className="c13"
              color="white"
              size="s"
            >
              Careers
            </span>
            <ul
              aria-label="Careers"
              className="c14"
              role="list"
            >
              <li
                className="c15"
              >
                <a
                  className="c5 c16 c17"
                  color="red"
                  href="https://www.comicrelief.com/careers"
                  role="menuitem"
                  target="_self"
                  type="standard"
                >
                  <span
                    className="c18"
                    color="white"
                    size="s"
                  >
                    Working at Comic Relief
                  </span>
                </a>
              </li>
              <li
                className="c15"
              >
                <a
                  className="c5 c16 c17"
                  color="red"
                  href="https://app.beapplied.com/org/comic-relief"
                  role="menuitem"
                  target="_self"
                  type="standard"
                >
                  <span
                    className="c18"
                    color="white"
                    size="s"
                  >
                    Open roles
                  </span>
                </a>
              </li>
            </ul>
          </li>
          <li
            className="c12"
            role="none"
          >
            <span
              className="c13"
              color="white"
              size="s"
            >
              News
            </span>
            <ul
              aria-label="News"
              className="c14"
              role="list"
            >
              <li
                className="c15"
              >
                <a
                  className="c5 c16 c17"
                  color="red"
                  href="https://www.comicrelief.com/news"
                  role="menuitem"
                  target="_self"
                  type="standard"
                >
                  <span
                    className="c18"
                    color="white"
                    size="s"
                  >
                    News
                  </span>
                </a>
              </li>
              <li
                className="c15"
              >
                <a
                  className="c5 c16 c17"
                  color="red"
                  href="https://www.comicrelief.com/press-releases"
                  role="menuitem"
                  target="_self"
                  type="standard"
                >
                  <span
                    className="c18"
                    color="white"
                    size="s"
                  >
                    Press area
                  </span>
                </a>
              </li>
            </ul>
          </li>
          <li
            className="c12"
            role="none"
          >
            <span
              className="c13"
              color="white"
              size="s"
            >
              Legal
            </span>
            <ul
              aria-label="Legal"
              className="c14"
              role="list"
            >
              <li
                className="c15"
              >
                <a
                  className="c5 c16 c17"
                  color="red"
                  href="/homepage"
                  role="menuitem"
                  target="_self"
                  type="standard"
                >
                  <span
                    className="c18"
                    color="white"
                    size="s"
                  >
                    Link comp with both URL and Ref
                  </span>
                </a>
              </li>
              <li
                className="c15"
              >
                <a
                  className="c5 c16 c17"
                  color="red"
                  href="/this-is-a-test"
                  role="menuitem"
                  target="_self"
                  type="standard"
                >
                  <span
                    className="c18"
                    color="white"
                    size="s"
                  >
                    Link comp with only Ref
                  </span>
                </a>
              </li>
              <li
                className="c15"
              >
                <a
                  className="c5 c16 c17"
                  color="red"
                  href="https://www.yahoo.com"
                  role="menuitem"
                  target="_blank"
                  type="standard"
                >
                  <span
                    className="c18"
                    color="white"
                    size="s"
                  >
                    Link comp with only URL
                  </span>
                </a>
              </li>
              <li
                className="c15"
              >
                <a
                  className="c5 c16 c17"
                  color="red"
                  href="https://www.sportrelief.com"
                  role="menuitem"
                  target="_self"
                  type="standard"
                >
                  <span
                    className="c18"
                    color="white"
                    size="s"
                  >
                    Test whitelisted external link
                  </span>
                </a>
              </li>
              <li
                className="c15"
              >
                <a
                  className="c5 c16 c17"
                  color="red"
                  href="https://bing.com"
                  role="menuitem"
                  target="_blank"
                  type="standard"
                >
                  <span
                    className="c18"
                    color="white"
                    size="s"
                  >
                    Test non-whitelisted external link
                  </span>
                </a>
              </li>
            </ul>
          </li>
        </ul>
      </nav>
      <div
        className="Footerstyle__SocialIconWrapper-sc-167xaf5-7"
      >
        <ul
          className="c21"
        >
          <li
            className="c22"
          >
            <a
              className="c23"
              data-test="header-esu-icon"
              href="https://www.facebook.com/comicrelief"
              rel="noopener noreferrer"
              target="_blank"
              title="Check out our Facebook page"
            >
              <img
                alt="facebook"
                className="c24"
                src="mock.asset"
              />
              <span
                className="c25"
              >
                (opens in new window)
              </span>
            </a>
          </li>
          <li
            className="c22"
          >
            <a
              className="c23"
              data-test="header-esu-icon"
              href="https://twitter.com/comicrelief"
              rel="noopener noreferrer"
              target="_blank"
              title="Check out our Twitter account"
            >
              <img
                alt="twitter"
                className="c24"
                src="mock.asset"
              />
              <span
                className="c25"
              >
                (opens in new window)
              </span>
            </a>
          </li>
          <li
            className="c22"
          >
            <a
              className="c23"
              data-test="header-esu-icon"
              href="https://www.youtube.com/channel/UCdF5u0ggeSETozc8fsprjcw"
              rel="noopener noreferrer"
              target="_blank"
              title="Check out our YouTube channel"
            >
              <img
                alt="youtube"
                className="c24"
                src="mock.asset"
              />
              <span
                className="c25"
              >
                (opens in new window)
              </span>
            </a>
          </li>
          <li
            className="c22"
          >
            <a
              className="c23"
              data-test="header-esu-icon"
              href="https://www.instagram.com/comicrelief"
              rel="noopener noreferrer"
              target="_blank"
              title="Check out our Instagram account"
            >
              <img
                alt="instagram"
                className="c24"
                src="mock.asset"
              />
              <span
                className="c25"
              >
                (opens in new window)
              </span>
            </a>
          </li>
        </ul>
      </div>
      <div
        className="c26"
      >
        <p
          className="c18"
          color="white"
          size="s"
        >
          Comic Relief is the trading name of Charity Projects, a registered charity in England and Wales (326568) and Scotland (SC039730), which is a company limited by guarantee registered in England and Wales (01806414). Registered address: 1st Floor, 89 Albert Embankment, London, SE1 7TP.
        </p>
      </div>
    </div>
  </footer>
</div>
`;
