// Jest Snapshot v1, https://goo.gl/fbAQLP

exports[`renders correctly 1`] = `
.c6 {
  color: #274084;
  font-size: 1rem;
  line-height: 1rem;
  text-transform: inherit;
  font-weight: bold;
  line-height: normal;
  font-family: 'Montserrat',Helvetica,Arial,sans-serif;
}

.c8 {
  font-size: 1rem;
  line-height: 1rem;
  text-transform: inherit;
  line-height: normal;
  font-family: 'Montserrat',Helvetica,Arial,sans-serif;
}

.c3 {
  display: block;
  width: 100%;
  height: auto;
  position: relative;
}

.c4 {
  width: 100%;
  height: auto;
  display: block;
  object-fit: cover;
}

.c12 {
  display: -webkit-inline-box;
  display: -webkit-inline-flex;
  display: -ms-inline-flexbox;
  display: inline-flex;
  margin-left: 1rem;
  -webkit-align-self: center;
  -ms-flex-item-align: center;
  align-self: center;
  right: 1.5rem;
}

.c11 {
  display: -webkit-inline-box;
  display: -webkit-inline-flex;
  display: -ms-inline-flexbox;
  display: inline-flex;
  position: relative;
  padding: 0.5rem 1.25rem;
  -webkit-text-decoration: none;
  text-decoration: none;
  font-weight: 700;
  font-size: 1rem;
  border-radius: 2rem;
  -webkit-transition: all 0.3s;
  transition: all 0.3s;
  height: 3.125rem;
  width: 100%;
  -webkit-box-pack: center;
  -webkit-justify-content: center;
  -ms-flex-pack: center;
  justify-content: center;
  -webkit-align-items: center;
  -webkit-box-align: center;
  -ms-flex-align: center;
  align-items: center;
  cursor: pointer;
  background-color: #2042AD;
  color: #FFFFFF;
}

.c11:hover {
  background-color: #274084;
  color: #FFFFFF;
}

.c13 {
  fill: #FFFFFF;
}

.c0 {
  display: -webkit-box;
  display: -webkit-flex;
  display: -ms-flexbox;
  display: flex;
  position: relative;
  -webkit-flex-direction: column;
  -ms-flex-direction: column;
  flex-direction: column;
  -webkit-box-pack: space-around;
  -webkit-justify-content: space-around;
  -ms-flex-pack: space-around;
  justify-content: space-around;
  background: inherit;
}

.c7 {
  -webkit-letter-spacing: 0.03em;
  -moz-letter-spacing: 0.03em;
  -ms-letter-spacing: 0.03em;
  letter-spacing: 0.03em;
  text-transform: uppercase;
}

.c2 {
  height: 100%;
}

.c2 img {
  border-radius: 1rem;
  box-shadow: 0px 0px 20px rgba(0,0,0,0.15);
}

.c1 {
  margin-right: 1.5rem;
}

.c10 {
  position: absolute;
  bottom: -1.5rem;
  z-index: 2;
}

.c10 a {
  font-family: 'Montserrat',Helvetica,Arial,sans-serif;
}

.c5 {
  position: relative;
  height: auto;
  padding: 1.5rem;
  z-index: 1;
  display: -webkit-box;
  display: -webkit-flex;
  display: -ms-flexbox;
  display: flex;
  -webkit-flex-direction: column;
  -ms-flex-direction: column;
  flex-direction: column;
  border-radius: 1rem;
  box-shadow: 0px 0px 20px rgba(0,0,0,0.15);
  background: #FFFFFF;
  padding-bottom: calc(2rem + 1.5rem);
  margin: -1.5rem 0 1.5rem 1.5rem;
}

.c5 .c9 {
  right: 1.5rem;
}

@supports not (object-fit:cover) {
  .c3 {
    background-color: yellow !important;
    background-image: url(//images.ctfassets.net/zsfivwzfgl3t/Yq59XdwwQgjNOxky93K1Q/17c2d80dce99067b0b3508f33075cbe3/funding_4-3_2x.jpg);
    background-size: cover;
    background-position: center;
  }
}

@supports not (object-fit:cover) {
  .c4 {
    visibility: hidden;
  }
}

@media (min-width:740px) {
  .c12 {
    width: auto;
    right: auto;
    position: relative;
  }
}

@media (min-width:740px) {
  .c11 {
    width: auto;
  }
}

@media (min-width:1024px) {
  .c11 {
    background-color: #2042AD;
    color: #FFFFFF;
  }

  .c11:hover {
    background-color: #274084;
    color: #FFFFFF;
  }
}

@media (min-width:1024px) {
  .c13 {
    fill: #FFFFFF;
  }
}

@media (min-width:740px) {
  .c0 {
    -webkit-flex-direction: row;
    -ms-flex-direction: row;
    flex-direction: row;
  }
}

@media (min-width:740px) {
  .c2 {
    height: 448px;
  }
}

@media (min-width:740px) {
  .c1 {
    margin: 0;
    height: 448px;
    -webkit-box-flex: 0;
    -webkit-flex-grow: 0;
    -ms-flex-positive: 0;
    flex-grow: 0;
    -webkit-flex-shrink: 0;
    -ms-flex-negative: 0;
    flex-shrink: 0;
    -webkit-flex-basis: 50%;
    -ms-flex-preferred-size: 50%;
    flex-basis: 50%;
  }
}

@media (min-width:740px) {

}

@media (min-width:740px) {
  .c5 {
    min-height: 448px;
    height: auto;
    width: calc(50% + 1.5rem);
    -webkit-box-flex: 0;
    -webkit-flex-grow: 0;
    -ms-flex-positive: 0;
    flex-grow: 0;
    -webkit-flex-shrink: 0;
    -ms-flex-negative: 0;
    flex-shrink: 0;
    -webkit-flex-basis: calc(50% + 1.5rem);
    -ms-flex-preferred-size: calc(50% + 1.5rem);
    flex-basis: calc(50% + 1.5rem);
    padding: 2rem;
    padding-bottom: calc(2rem + 1.5rem);
    margin: 2rem 0 1.5rem -1.5rem;
  }
}

@media (min-width:1440px) {
  .c5 {
    padding: calc(1.5rem * 2);
    padding-bottom: calc(1.5rem * 3);
    margin: 2rem 0 1.5rem -2rem;
  }
}

<div
  className="c0"
  title="Heading Line 1 Heading Line 2"
>
  <a
    aria-hidden="true"
    className="c1"
    data-image-cta-copy="Check out the shop"
    href="/home"
    tabIndex="-1"
    target="_blank"
    title="Heading Line 1 Heading Line 2"
  >
    <div
      className="c2"
    >
      <div
        className="c3 lazyload"
        height="auto"
        width="100%"
      >
        <img
          alt="Happy man going to work"
          className="c4 lazyload"
          data-lowsrc="http://images.ctfassets.net/zsfivwzfgl3t/Yq59XdwwQgjNOxky93K1Q/17c2d80dce99067b0b3508f33075cbe3/funding_4-3_2x.jpg"
          data-sizes="auto"
          data-src={null}
          data-srcset="//images.ctfassets.net/zsfivwzfgl3t/Yq59XdwwQgjNOxky93K1Q/17c2d80dce99067b0b3508f33075cbe3/funding_4-3_2x.jpg?w=200&h=150&q=50 200w,//images.ctfassets.net/zsfivwzfgl3t/Yq59XdwwQgjNOxky93K1Q/17c2d80dce99067b0b3508f33075cbe3/funding_4-3_2x.jpg?w=400&h=300&q=50 400w,//images.ctfassets.net/zsfivwzfgl3t/Yq59XdwwQgjNOxky93K1Q/17c2d80dce99067b0b3508f33075cbe3/funding_4-3_2x.jpg?w=800&h=600&q=50 800w,//images.ctfassets.net/zsfivwzfgl3t/Yq59XdwwQgjNOxky93K1Q/17c2d80dce99067b0b3508f33075cbe3/funding_4-3_2x.jpg?w=1200&h=900&q=50 1200w,//images.ctfassets.net/zsfivwzfgl3t/Yq59XdwwQgjNOxky93K1Q/17c2d80dce99067b0b3508f33075cbe3/funding_4-3_2x.jpg?w=1440&h=1080&q=50 1440w"
          height="auto"
          src={null}
          srcSet="data:image/gif;base64,R0lGODlhAQABAIAAAAAAAP///yH5BAEAAAAALAAAAAABAAEAAAIBRAA7"
          width="100%"
        />
      </div>
    </div>
  </a>
  <div
    className="c5"
  >
    <span
      className="c6 c7"
      color="blue_dark"
      size="s"
    >
      Subtitle
    </span>
    <p
      className="c8"
      color="inherit"
      size="s"
    >
      Whatever you’ve got planned, the Sport Relief shop has everything you need to get you looking your best while you’re raising some cash. Also available in Sainsbury’s stores and online and in selected Argos stores.
    </p>
    <div
      className="c9 c10"
    >
      <a
        className="c11"
        color="blue_dark"
        data-button-cta-copy="Check out the shop"
        href="/home"
        rel={null}
        target="_self"
        type="button"
      >
        Check out the shop
        <span
          className="c12"
          type="button"
        >
          <svg
            className="c13"
            fill="#FFFFFF"
            height={24}
            viewBox="0 0 96 96"
            width={24}
            xmlns="http://www.w3.org/2000/svg"
          >
            <path
              d="M17.171 38.829a4 4 0 015.657-5.657L44 54.343V8a4 4 0 018 0v46.343l21.172-21.172a4 4 0 115.656 5.657l-28 28-.005.004a3.976 3.976 0 01-.604.493c-.101.068-.211.115-.317.172-.123.067-.241.141-.372.195-.133.055-.273.087-.41.127-.113.033-.22.077-.337.1a3.89 3.89 0 01-1.566.002c-.116-.023-.224-.067-.336-.1-.138-.04-.277-.072-.411-.128-.13-.054-.248-.128-.37-.195-.106-.058-.216-.105-.318-.173a4.037 4.037 0 01-.604-.493l-.005-.004-28.002-27.999zM84 68a4 4 0 00-4 4v12H16V72a4 4 0 00-8 0v16a4 4 0 004 4h72a4 4 0 004-4V72a4 4 0 00-4-4z"
            />
          </svg>
        </span>
      </a>
    </div>
  </div>
</div>
`;
