// Jest Snapshot v1, https://goo.gl/fbAQLP

exports[`renders correctly 1`] = `
.c6 {
  color: #274084;
  font-size: 1rem;
  line-height: 1rem;
  text-transform: inherit;
  font-weight: bold;
  line-height: normal;
  font-family: 'Montserrat',Helvetica,Arial,sans-serif;
}

.c8 {
  color: #222222;
  font-size: 2rem;
  line-height: 2rem;
  text-transform: inherit;
  font-weight: normal;
  font-family: 'Anton',Impact,sans-serif;
  -webkit-letter-spacing: 0.03rem;
  -moz-letter-spacing: 0.03rem;
  -ms-letter-spacing: 0.03rem;
  letter-spacing: 0.03rem;
}

.c10 {
  font-size: 1rem;
  line-height: 1rem;
  text-transform: inherit;
  line-height: normal;
  font-family: 'Montserrat',Helvetica,Arial,sans-serif;
}

.c3 {
  position: relative;
  display: block;
  width: 100%;
  height: auto;
}

.c4 {
  display: block;
  width: 100%;
  height: auto;
  object-fit: cover;
}

.c13 {
  display: -webkit-inline-box;
  display: -webkit-inline-flex;
  display: -ms-inline-flexbox;
  display: inline-flex;
  margin-left: 1rem;
  -webkit-align-self: center;
  -ms-flex-item-align: center;
  align-self: center;
  right: 1.5rem;
}

.c12 {
  display: -webkit-inline-box;
  display: -webkit-inline-flex;
  display: -ms-inline-flexbox;
  display: inline-flex;
  position: relative;
  padding: 0.5rem 1.25rem;
  -webkit-text-decoration: none;
  text-decoration: none;
  font-weight: 700;
  font-size: 1rem;
  border-radius: 2rem;
  -webkit-transition: all 0.3s;
  transition: all 0.3s;
  height: 3.125rem;
  width: 100%;
  -webkit-box-pack: center;
  -webkit-justify-content: center;
  -ms-flex-pack: center;
  justify-content: center;
  -webkit-align-items: center;
  -webkit-box-align: center;
  -ms-flex-align: center;
  align-items: center;
  cursor: pointer;
  background-color: #274084;
  color: #FFFFFF;
}

.c12:hover {
  background-color: #0565D1;
  color: #000000;
}

.c0 {
  display: -webkit-box;
  display: -webkit-flex;
  display: -ms-flexbox;
  display: flex;
  position: relative;
  -webkit-flex-direction: column;
  -ms-flex-direction: column;
  flex-direction: column;
  height: 100%;
  width: 100%;
  background: inherit;
}

.c9 {
  -webkit-letter-spacing: 0.03em;
  -moz-letter-spacing: 0.03em;
  -ms-letter-spacing: 0.03em;
  letter-spacing: 0.03em;
  text-transform: uppercase;
  margin: 1rem 0;
}

.c7 {
  -webkit-letter-spacing: 0.03em;
  -moz-letter-spacing: 0.03em;
  -ms-letter-spacing: 0.03em;
  letter-spacing: 0.03em;
  text-transform: uppercase;
  display: inline-block;
}

.c2 {
  height: auto;
  margin: 0 1.5rem 0 -1.5rem;
}

.c2 img {
  border-radius: 1rem;
  box-shadow: 0px 0px 20px rgba(0,0,0,0.15);
}

.c1 {
  width: 320px;
}

.c5 {
  position: relative;
  width: 320px;
  padding: 1.5rem;
  z-index: 1;
  display: -webkit-box;
  display: -webkit-flex;
  display: -ms-flexbox;
  display: flex;
  -webkit-flex-direction: column;
  -ms-flex-direction: column;
  flex-direction: column;
  border-radius: 1rem;
  box-shadow: 0px 0px 20px rgba(0,0,0,0.15);
  background: #FFFFFF;
  padding-bottom: calc(2rem + 1.5rem);
  min-height: calc(5 * 2rem);
}

.c11 {
  position: absolute;
  right: 1.5rem;
  bottom: -1.5rem;
  z-index: 2;
}

.c11 a {
  font-family: 'Montserrat',Helvetica,Arial,sans-serif;
}

@media (min-width:740px) {
  .c13 {
    width: auto;
    right: auto;
    position: relative;
  }
}

@media (min-width:740px) {
  .c12 {
    width: auto;
  }
}

@media (min-width:740px) {
  .c0 {
    -webkit-flex-direction: row-reverse;
    -ms-flex-direction: row-reverse;
    flex-direction: row-reverse;
    width: 100%;
  }
}

@media (min-width:740px) {
  .c9 {
    margin-bottom: 1.5rem;
  }
}

@media (min-width:740px) {
  .c2 {
    margin: 0;
  }
}

@media (min-width:1440px) {
  .c2 {
    margin: 0 -1.5rem 0 1.5rem;
  }
}

@media (min-width:740px) {
  .c1 {
    width: 360px;
  }
}

@media (min-width:1440px) {
  .c1 {
    width: 600px;
  }
}

@media (min-width:740px) {
  .c5 {
    margin: 2rem calc(-1.5rem * 2) -1.5rem 0;
  }
}

@media (min-width:740px) {
  .c5 {
    width: 360px;
    padding: 2rem 2rem 2rem 1.5rem;
    padding-bottom: calc(2rem + 1.5rem);
  }
}

@media (min-width:1440px) {
  .c5 {
    width: 600px;
    background: red;
    height: 100%;
    padding: calc(1.5rem * 2);
    padding-bottom: calc(1.5rem * 3);
    min-height: calc(5 * 2rem);
  }
}

@media (min-width:740px) {

}

<div
  className="c0"
  direction="right"
>
  <a
    aria-hidden="true"
    className="c1"
    href="/home"
    tabIndex="-1"
    target="_blank"
  >
    <div
      className="c2"
    >
      <div
        className="c3"
        height="auto"
        width="100%"
      >
        <img
          alt="Happy man going to work"
          className="c4 lazyload"
          data-lowsrc="http://images.ctfassets.net/zsfivwzfgl3t/Yq59XdwwQgjNOxky93K1Q/17c2d80dce99067b0b3508f33075cbe3/funding_4-3_2x.jpg"
          data-sizes="auto"
          data-src={null}
          data-srcset="//images.ctfassets.net/zsfivwzfgl3t/Yq59XdwwQgjNOxky93K1Q/17c2d80dce99067b0b3508f33075cbe3/funding_4-3_2x.jpg?w=200&h=150&q=50 200w,//images.ctfassets.net/zsfivwzfgl3t/Yq59XdwwQgjNOxky93K1Q/17c2d80dce99067b0b3508f33075cbe3/funding_4-3_2x.jpg?w=400&h=300&q=50 400w,//images.ctfassets.net/zsfivwzfgl3t/Yq59XdwwQgjNOxky93K1Q/17c2d80dce99067b0b3508f33075cbe3/funding_4-3_2x.jpg?w=800&h=600&q=50 800w,//images.ctfassets.net/zsfivwzfgl3t/Yq59XdwwQgjNOxky93K1Q/17c2d80dce99067b0b3508f33075cbe3/funding_4-3_2x.jpg?w=1200&h=900&q=50 1200w,//images.ctfassets.net/zsfivwzfgl3t/Yq59XdwwQgjNOxky93K1Q/17c2d80dce99067b0b3508f33075cbe3/funding_4-3_2x.jpg?w=1440&h=1080&q=50 1440w"
          height="auto"
          src={null}
          srcSet="data:image/gif;base64,R0lGODlhAQABAIAAAAAAAP///yH5BAEAAAAALAAAAAABAAEAAAIBRAA7"
          width="100%"
        />
      </div>
    </div>
  </a>
  <div
    className="c5"
    direction="right"
  >
    <span
      className="c6 SingleMessageDs__Heading-sc-1dprx4j-1 c7"
      color="blue_dark"
      size="s"
    >
      Subtitle
    </span>
    <h4
      className="c8 SingleMessageDs__Heading-sc-1dprx4j-1 c9"
      color="grey_dark"
      size="xl"
    >
      Heading Line 1 Heading Line 2
    </h4>
    <p
      className="c10"
      color="inherit"
      size="s"
    >
      Whatever you’ve got planned, the Sport Relief shop has everything you need to get you looking your best while you’re raising some cash. Also available in Sainsbury’s stores and online and in selected Argos stores.
    </p>
    <div
      className="c11"
    >
      <a
        className="c12"
        color="blue_dark"
        href="/home"
        rel={null}
        target="_self"
        type="button"
      >
        Check out the shop
        <span
          className="c13"
          type="button"
        >
          <svg
            fill="#FFFFFF"
            heiht={24}
            viewBox="0 0 96 96"
            width={24}
            xmlns="http://www.w3.org/2000/svg"
          >
            <path
              d="M90.871 50.776c-.016.016-.026.036-.043.052l-32 32C58.047 83.609 57.024 84 56 84s-2.047-.391-2.829-1.171a4 4 0 010-5.657L78.343 52H8a4 4 0 010-8h70.343L53.171 18.829a4 4 0 015.657-5.657l32 32c.016.016.027.036.043.052.167.172.321.357.455.557.069.104.118.216.176.325.065.121.138.236.191.364.057.137.09.279.13.42.032.109.074.214.097.327a4.017 4.017 0 010 1.568c-.023.113-.065.217-.097.327-.041.141-.074.283-.13.42-.053.128-.126.243-.191.364-.059.109-.107.221-.176.325a4.035 4.035 0 01-.455.555z"
            />
          </svg>
        </span>
      </a>
    </div>
  </div>
</div>
`;
