// Jest Snapshot v1, https://goo.gl/fbAQLP

exports[`renders correctly 1`] = `
.c2 {
  font-size: 1rem;
  line-height: 1rem;
  text-transform: inherit;
  font-weight: bold;
  line-height: normal;
  font-family: 'Montserrat',Helvetica,Arial,sans-serif;
}

.c1 {
  display: -webkit-box;
  display: -webkit-flex;
  display: -ms-flexbox;
  display: flex;
  -webkit-flex-direction: column;
  -ms-flex-direction: column;
  flex-direction: column;
  color: #5C5C5E;
}

.c3 {
  margin-bottom: 0.5rem;
}

.c5 {
  position: relative;
  box-sizing: border-box;
  width: 100%;
  height: 48px;
  padding: 1rem 1.5rem;
  background-color: #F4F3F5;
  border: 1px solid;
  border-color: #E1E2E3;
  box-shadow: none;
  -webkit-appearance: none;
  -moz-appearance: none;
  appearance: none;
  color: #000000;
  border-radius: 0.5rem;
  font-size: inherit;
  font-family: 'Montserrat',Helvetica,Arial,sans-serif;
}

.c5:focus {
  border: 1px solid #666;
}

.c4 {
  position: relative;
  font-size: 1.25rem;
}

.c0 {
  position: relative;
}

@media (min-width:740px) {
  .c5 {
    max-width: 290px;
  }
}

<div
  className="c0 TextInputWithDropdown"
  onKeyDown={[Function]}
>
  <label
    className="c1 TextInputWithDropdown__input"
    htmlFor="typeahead-test"
  >
    <span
      className="c2 c3"
      color="inherit"
      dangerouslySetInnerHTML={
        Object {
          "__html": "Typeahead test",
        }
      }
      size="s"
    />
    <div
      className="c4"
    >
      
      <input
        aria-describedby="typeahead-test"
        autoComplete="off"
        className="c5"
        id="typeahead-test"
        name="q"
        onChange={[Function]}
        placeholder="Type to start searching..."
        type="text"
        value=""
      />
      
    </div>
  </label>
</div>
`;
