// Jest Snapshot v1, https://goo.gl/fbAQLP

exports[`renders correctly 1`] = `
.c0 {
  color: #E52630;
  font-size: 0.875rem;
  line-height: 0.875rem;
  text-transform: inherit;
  line-height: normal;
  font-family: 'Montserrat',Helvetica,Arial,sans-serif;
}

.c1 {
  display: inline-block;
  width: 100%;
  z-index: 1;
  font-weight: bold;
  padding: 0.6rem 0 1rem;
}

<span
  className="c0"
  color="red"
  size="error"
>
  <span
    className="c1"
  >
    This is an error
  </span>
</span>
`;
